ALLOC_COLOR_PAIR_INDEX	./lib/tty/color.h	42;"	macro
BUF_10K	./lib/global.h	107;"	macro
B_GRP	./src/achown.c	67;"	macro
B_HELP	./src/dialog.h	32;"	macro
B_OGROUP	./src/achown.c	70;"	macro
B_OTH	./src/achown.c	68;"	macro
B_OUSER	./src/achown.c	69;"	macro
B_OWN	./src/achown.c	66;"	macro
B_REPLACE_ONE	./src/editor/editcmd_dialogs.h	11;"	macro
CHECK_BUFFER	./src/hotlist.c	231;"	macro
CHKBLANKS	./lib/vfs/mc-vfs/tar.c	135;"	macro
CK_User_Command	./src/cmddef.h	427;"	macro
CP_ASCII	./src/charsets.c	186;"	macro
DO_FREE_RESOURCE	./lib/vfs/mc-vfs/fish.c	75;"	macro
DO_OPEN	./lib/vfs/mc-vfs/fish.c	74;"	macro
DO_RESOLVE_SYMLINK	./lib/vfs/mc-vfs/fish.c	73;"	macro
EDIT_KEY_EMULATION_EMACS	./src/editor/edit-impl.h	49;"	macro
EDIT_KEY_EMULATION_NORMAL	./src/editor/edit-impl.h	48;"	macro
EDIT_KEY_EMULATION_USER	./src/editor/edit-impl.h	50;"	macro
ENABLE_VFS_CPIO	./config.h	23;"	macro
ENABLE_VFS_EXTFS	./config.h	26;"	macro
ENABLE_VFS_FISH	./config.h	29;"	macro
ENABLE_VFS_FTP	./config.h	32;"	macro
ENABLE_VFS_SFS	./config.h	38;"	macro
ENABLE_VFS_TAR	./config.h	44;"	macro
EX_ARGSBAD	./lib/vfs/mc-vfs/tar.c	179;"	macro
EX_BADARCH	./lib/vfs/mc-vfs/tar.c	181;"	macro
EX_BADFILE	./lib/vfs/mc-vfs/tar.c	180;"	macro
EX_BADVOL	./lib/vfs/mc-vfs/tar.c	183;"	macro
EX_SUCCESS	./lib/vfs/mc-vfs/tar.c	178;"	macro
EX_SYSTEM	./lib/vfs/mc-vfs/tar.c	182;"	macro
FIXED_FONT	./src/editor/editdraw.c	66;"	macro
FONT_PIX_PER_LINE	./src/editor/editdraw.c	67;"	macro
GPM_BARE_EVENTS	./lib/tty/mouse.h	34;"	macro
HAVE_CFGETOSPEED	./config.h	75;"	macro
HAVE_DCGETTEXT	./config.h	99;"	macro
HAVE_DIRENT_H	./config.h	123;"	macro
HAVE_DLFCN_H	./config.h	126;"	macro
HAVE_FCNTL_H	./config.h	141;"	macro
HAVE_GETMNTENT	./config.h	165;"	macro
HAVE_GETPAGESIZE	./config.h	171;"	macro
HAVE_GETTEXT	./config.h	177;"	macro
HAVE_LOCALE_H	./config.h	242;"	macro
HAVE_MEMCPY	./config.h	254;"	macro
HAVE_MEMSET	./config.h	263;"	macro
HAVE_MNTENT_H	./config.h	269;"	macro
HAVE_NL_TYPES_H	./config.h	299;"	macro
HAVE_PUTENV	./config.h	320;"	macro
HAVE_SETENV	./config.h	338;"	macro
HAVE_SETREUID	./config.h	344;"	macro
HAVE_SLANG_H	./config.h	359;"	macro
HAVE_STRCOLL	./config.h	397;"	macro
HAVE_ST_BLOCKS	./config.h	443;"	macro
HAVE_SYSCONF	./config.h	449;"	macro
HAVE_SYS_STAT_H	./config.h	493;"	macro
HAVE_SYS_TIMEB_H	./config.h	499;"	macro
HAVE_SYS_TIME_H	./config.h	502;"	macro
HAVE_SYS_TYPES_H	./config.h	505;"	macro
HAVE_TCGETATTR	./config.h	514;"	macro
HAVE_TCSETATTR	./config.h	517;"	macro
HAVE_TRUNCATE	./config.h	523;"	macro
HAVE_UINTMAX_T	./config.h	529;"	macro
HAVE_UINTPTR_T	./config.h	532;"	macro
HAVE_UNSIGNED_LONG_LONG	./config.h	538;"	macro
HAVE_WCHAR_H	./config.h	544;"	macro
HIGHLIGHT_OPTIONS_COUNT	./src/layout.c	188;"	macro
INPUT_INDEX	./src/editor/editcmd.c	1550;"	macro
IS_MACRO_COMMAND	./src/cmddef.h	430;"	macro
IS_USER_COMMAND	./src/cmddef.h	428;"	macro
Key_a1	./lib/tty/keyxdef.c	127;"	macro
Key_a3	./lib/tty/keyxdef.c	128;"	macro
Key_b2	./lib/tty/keyxdef.c	129;"	macro
Key_beg	./lib/tty/keyxdef.c	133;"	macro
Key_btab	./lib/tty/keyxdef.c	132;"	macro
Key_c1	./lib/tty/keyxdef.c	130;"	macro
Key_c3	./lib/tty/keyxdef.c	131;"	macro
Key_cancel	./lib/tty/keyxdef.c	134;"	macro
Key_command	./lib/tty/keyxdef.c	136;"	macro
Key_copy	./lib/tty/keyxdef.c	137;"	macro
Key_create	./lib/tty/keyxdef.c	138;"	macro
Key_dl	./lib/tty/keyxdef.c	99;"	macro
Key_eic	./lib/tty/keyxdef.c	101;"	macro
Key_eol	./lib/tty/keyxdef.c	102;"	macro
Key_eos	./lib/tty/keyxdef.c	103;"	macro
Key_exit	./lib/tty/keyxdef.c	141;"	macro
Key_f0	./lib/tty/keyxdef.c	104;"	macro
Key_f21	./lib/tty/keyxdef.c	200;"	macro
Key_f22	./lib/tty/keyxdef.c	201;"	macro
Key_f23	./lib/tty/keyxdef.c	202;"	macro
Key_f24	./lib/tty/keyxdef.c	203;"	macro
Key_f25	./lib/tty/keyxdef.c	204;"	macro
Key_f26	./lib/tty/keyxdef.c	205;"	macro
Key_f27	./lib/tty/keyxdef.c	206;"	macro
Key_f28	./lib/tty/keyxdef.c	207;"	macro
Key_f29	./lib/tty/keyxdef.c	208;"	macro
Key_f30	./lib/tty/keyxdef.c	209;"	macro
Key_f31	./lib/tty/keyxdef.c	210;"	macro
Key_f32	./lib/tty/keyxdef.c	211;"	macro
Key_f33	./lib/tty/keyxdef.c	212;"	macro
Key_f34	./lib/tty/keyxdef.c	213;"	macro
Key_f35	./lib/tty/keyxdef.c	214;"	macro
Key_f36	./lib/tty/keyxdef.c	215;"	macro
Key_f37	./lib/tty/keyxdef.c	216;"	macro
Key_f38	./lib/tty/keyxdef.c	217;"	macro
Key_f39	./lib/tty/keyxdef.c	218;"	macro
Key_f40	./lib/tty/keyxdef.c	219;"	macro
Key_f41	./lib/tty/keyxdef.c	220;"	macro
Key_f42	./lib/tty/keyxdef.c	221;"	macro
Key_f43	./lib/tty/keyxdef.c	222;"	macro
Key_f44	./lib/tty/keyxdef.c	223;"	macro
Key_f45	./lib/tty/keyxdef.c	224;"	macro
Key_f46	./lib/tty/keyxdef.c	225;"	macro
Key_f47	./lib/tty/keyxdef.c	226;"	macro
Key_f48	./lib/tty/keyxdef.c	227;"	macro
Key_f49	./lib/tty/keyxdef.c	228;"	macro
Key_f50	./lib/tty/keyxdef.c	229;"	macro
Key_f51	./lib/tty/keyxdef.c	230;"	macro
Key_f52	./lib/tty/keyxdef.c	231;"	macro
Key_f53	./lib/tty/keyxdef.c	232;"	macro
Key_f54	./lib/tty/keyxdef.c	233;"	macro
Key_f55	./lib/tty/keyxdef.c	234;"	macro
Key_f56	./lib/tty/keyxdef.c	235;"	macro
Key_f57	./lib/tty/keyxdef.c	236;"	macro
Key_f58	./lib/tty/keyxdef.c	237;"	macro
Key_f59	./lib/tty/keyxdef.c	238;"	macro
Key_f60	./lib/tty/keyxdef.c	239;"	macro
Key_f61	./lib/tty/keyxdef.c	240;"	macro
Key_f62	./lib/tty/keyxdef.c	241;"	macro
Key_f63	./lib/tty/keyxdef.c	242;"	macro
Key_il	./lib/tty/keyxdef.c	117;"	macro
Key_ll	./lib/tty/keyxdef.c	119;"	macro
Key_next	./lib/tty/keyxdef.c	147;"	macro
Key_previous	./lib/tty/keyxdef.c	150;"	macro
Key_print	./lib/tty/keyxdef.c	151;"	macro
Key_redo	./lib/tty/keyxdef.c	152;"	macro
Key_scancel	./lib/tty/keyxdef.c	162;"	macro
Key_scommand	./lib/tty/keyxdef.c	163;"	macro
Key_sdc	./lib/tty/keyxdef.c	166;"	macro
Key_select	./lib/tty/keyxdef.c	168;"	macro
Key_send	./lib/tty/keyxdef.c	169;"	macro
Key_seol	./lib/tty/keyxdef.c	170;"	macro
Key_shome	./lib/tty/keyxdef.c	174;"	macro
Key_sic	./lib/tty/keyxdef.c	175;"	macro
Key_sleft	./lib/tty/keyxdef.c	176;"	macro
Key_smessage	./lib/tty/keyxdef.c	177;"	macro
Key_smove	./lib/tty/keyxdef.c	178;"	macro
Key_snext	./lib/tty/keyxdef.c	179;"	macro
Key_sprevious	./lib/tty/keyxdef.c	181;"	macro
Key_sprint	./lib/tty/keyxdef.c	182;"	macro
Key_sredo	./lib/tty/keyxdef.c	183;"	macro
Key_sreplace	./lib/tty/keyxdef.c	184;"	macro
Key_sright	./lib/tty/keyxdef.c	185;"	macro
Key_srsume	./lib/tty/keyxdef.c	186;"	macro
Key_ssave	./lib/tty/keyxdef.c	187;"	macro
Key_ssuspend	./lib/tty/keyxdef.c	188;"	macro
Key_sundo	./lib/tty/keyxdef.c	189;"	macro
Key_suspend	./lib/tty/keyxdef.c	159;"	macro
LF_CONTIG	./lib/vfs/mc-vfs/tar.c	150;"	macro
LF_MULTIVOL	./lib/vfs/mc-vfs/tar.c	166;"	macro
LF_NAMES	./lib/vfs/mc-vfs/tar.c	169;"	macro
LF_NORMAL	./lib/vfs/mc-vfs/tar.c	143;"	macro
LF_OLDNORMAL	./lib/vfs/mc-vfs/tar.c	142;"	macro
LF_SPARSE	./lib/vfs/mc-vfs/tar.c	171;"	macro
LF_VOLHDR	./lib/vfs/mc-vfs/tar.c	172;"	macro
LS_NOT_LINEAR	./lib/vfs/mc-vfs/xdirentry.h	215;"	macro
MC_ARCH_FLAGS	./lib/util.h	240;"	macro
MC_BASHRC_FILE	./lib/fileloc.h	34;"	macro
MC_HISTORY_EDIT_SAVE_AS	./src/history.h	11;"	macro
MC_HISTORY_VIEW_GOTO_ADDR	./src/history.h	32;"	macro
MC_HISTORY_VIEW_GOTO_LINE	./src/history.h	31;"	macro
MC_HISTORY_VIEW_SEARCH_REGEX	./src/history.h	33;"	macro
NULL_HOTKEY	./src/widget.h	46;"	macro
NUM_SELECTION_HISTORY	./src/editor/edit-impl.h	304;"	macro
SEARCH_DIALOG_OPTION_BACKWARDS	./src/editor/edit-impl.h	45;"	macro
SEARCH_DIALOG_OPTION_BOOKMARK	./src/editor/edit-impl.h	46;"	macro
SEARCH_DIALOG_OPTION_NO_CASE	./src/editor/edit-impl.h	44;"	macro
SEARCH_DIALOG_OPTION_NO_REGEX	./src/editor/edit-impl.h	43;"	macro
SEARCH_DIALOG_OPTION_NO_SCANF	./src/editor/edit-impl.h	42;"	macro
SIZEOF_LONG_LONG	./config.h	670;"	macro
SPARSE_EXT_HDR	./lib/vfs/mc-vfs/tar.c	76;"	macro
SPLIT_OPTIONS_COUNT	./src/layout.c	189;"	macro
STRING_LINK_POINTER	./src/help.c	77;"	macro
STRING_NODE_END	./src/help.c	79;"	macro
TIME_WITH_SYS_TIME	./config.h	725;"	macro
UNKNOWN_FORMAT	./src/editor/syntax.c	65;"	macro
UPLOAD_ZERO_LENGTH_FILE	./lib/vfs/mc-vfs/ftpfs.c	107;"	macro
color_palette	./src/editor/edit-impl.h	302;"	macro
cr_whitespace	./src/complete.c	315;"	macro
mc_log_mark	./lib/logging.h	14;"	macro
